// Jest Snapshot v1, https://goo.gl/fbAQLP

exports[`App component renders App 1`] = `
<Fragment>
  <h1
    className="header"
  >
    Alchemeetings Admin
  </h1>
  <AdminMeeting />
</Fragment>
`;
